// Jest Snapshot v1, https://goo.gl/fbAQLP

exports[`exports correct routes 1`] = `
Array [
  "Version: /version",
  "Couleur: /color",
  "Jantes: /rims",
  "Sellerie: /upholstery",
  "Equipements: /equipment",
  "Accessoires: /accessories",
  "RÃ©capitulatif: /summary",
  "reset: /summary",
  "up: /summary",
  "down: /summary",
  "confirm: /summary",
  "cancel: /summary",
]
`;
