// Jest Snapshot v1, https://goo.gl/fbAQLP

exports[`exports correct routes 1`] = `
Array [
  "version: /version",
  "color: /color",
  "rims: /rims",
  "upholstery: /upholstery",
  "equipment: /equipment",
  "accessories: /accessories",
  "summary: /summary",
]
`;
